// Jest Snapshot v1, https://goo.gl/fbAQLP

exports[`matches snapshot 1`] = `
<DocumentFragment>
  <form
    class="New-todo-form"
  >
    <label
      for="task"
    >
      Task :
    </label>
    <input
      id="task"
      name="task"
      placeholder="Task"
      type="text"
      value=""
    />
    <button>
      Add Task
    </button>
  </form>
</DocumentFragment>
`;
