// Jest Snapshot v1, https://goo.gl/fbAQLP

exports[`matches snapshot 1`] = `
<DocumentFragment>
  <div
    class="Box"
  >
    <div
      style="margin: 10px; display: inline-block;"
    />
    <button>
      X
    </button>
  </div>
</DocumentFragment>
`;
